
D:\Gym\fitnexus\frontend\src\App.jsx
  5:8  warning  'React' is defined but never used  no-unused-vars

D:\Gym\fitnexus\frontend\src\api\orgHierarchyApi.js
   23:5  warning  Unexpected console statement  no-console
   33:5  warning  Unexpected console statement  no-console
   43:5  warning  Unexpected console statement  no-console
   53:5  warning  Unexpected console statement  no-console
   66:5  warning  Unexpected console statement  no-console
   76:5  warning  Unexpected console statement  no-console
   86:5  warning  Unexpected console statement  no-console
   96:5  warning  Unexpected console statement  no-console
  106:5  warning  Unexpected console statement  no-console
  119:5  warning  Unexpected console statement  no-console
  129:5  warning  Unexpected console statement  no-console
  139:5  warning  Unexpected console statement  no-console
  149:5  warning  Unexpected console statement  no-console
  159:5  warning  Unexpected console statement  no-console
  172:5  warning  Unexpected console statement  no-console
  182:5  warning  Unexpected console statement  no-console
  197:5  warning  Unexpected console statement  no-console
  207:5  warning  Unexpected console statement  no-console
  217:5  warning  Unexpected console statement  no-console
  230:5  warning  Unexpected console statement  no-console
  240:5  warning  Unexpected console statement  no-console
  250:5  warning  Unexpected console statement  no-console
  260:5  warning  Unexpected console statement  no-console
  270:5  warning  Unexpected console statement  no-console
  282:5  warning  Unexpected console statement  no-console
  294:5  warning  Unexpected console statement  no-console
  306:5  warning  Unexpected console statement  no-console
  318:5  warning  Unexpected console statement  no-console

D:\Gym\fitnexus\frontend\src\api\scheduleApi.js
  15:59  warning  'role' is defined but never used  no-unused-vars

D:\Gym\fitnexus\frontend\src\components\Customizer.jsx
  4:8  warning  'React' is defined but never used  no-unused-vars

D:\Gym\fitnexus\frontend\src\components\DashboardChatCard.jsx
   1:8  warning  'React' is defined but never used                                                               no-unused-vars
  39:5  warning  Unused eslint-disable directive (no problems were reported from 'react-hooks/exhaustive-deps')

D:\Gym\fitnexus\frontend\src\components\FloatingChatbot.jsx
  1:8  warning  'React' is defined but never used  no-unused-vars

D:\Gym\fitnexus\frontend\src\components\Footer.jsx
  1:8  warning  'React' is defined but never used  no-unused-vars

D:\Gym\fitnexus\frontend\src\components\Header.jsx
    1:8   warning  'React' is defined but never used       no-unused-vars
   13:90  warning  'IconLayout' is defined but never used  no-unused-vars
  107:5   warning  Unexpected console statement            no-console
  110:5   warning  Unexpected console statement            no-console

D:\Gym\fitnexus\frontend\src\components\Landingfooter.jsx
   1:8   warning  'React' is defined but never used                                no-unused-vars
  51:28  error    `'` can be escaped with `&apos;`, `&lsquo;`, `&#39;`, `&rsquo;`  react/no-unescaped-entities

D:\Gym\fitnexus\frontend\src\components\Landingheader.jsx
  1:8  warning  'React' is defined but never used  no-unused-vars

D:\Gym\fitnexus\frontend\src\components\Landinghero.jsx
  1:8  warning  'React' is defined but never used  no-unused-vars

D:\Gym\fitnexus\frontend\src\components\Loader.jsx
  1:8  warning  'React' is defined but never used  no-unused-vars

D:\Gym\fitnexus\frontend\src\components\MobileBottomNav.jsx
  1:8  warning  'React' is defined but never used  no-unused-vars

D:\Gym\fitnexus\frontend\src\components\PageBreadcrumb.jsx
  1:8  warning  'React' is defined but never used  no-unused-vars

D:\Gym\fitnexus\frontend\src\components\PhoneField.jsx
  1:8  warning  'React' is defined but never used  no-unused-vars

D:\Gym\fitnexus\frontend\src\components\PinLockGate.jsx
   1:8  warning  'React' is defined but never used                                                    no-unused-vars
  14:1  warning  Unused eslint-disable directive (no problems were reported from 'react/prop-types')

D:\Gym\fitnexus\frontend\src\components\ProtectedRoute.jsx
   1:8  warning  'React' is defined but never used  no-unused-vars
  21:9  warning  Unexpected console statement       no-console
  33:9  warning  Unexpected console statement       no-console
  43:5  warning  Unexpected console statement       no-console

D:\Gym\fitnexus\frontend\src\components\Sidebar.jsx
    1:8  warning  'React' is defined but never used                                                                                      no-unused-vars
  143:6  warning  React Hook useEffect has a missing dependency: 'updateScrollLimits'. Either include it or remove the dependency array  react-hooks/exhaustive-deps
  147:6  warning  React Hook useEffect has a missing dependency: 'updateScrollLimits'. Either include it or remove the dependency array  react-hooks/exhaustive-deps

D:\Gym\fitnexus\frontend\src\components\Taptotop.jsx
  1:8  warning  'React' is defined but never used  no-unused-vars

D:\Gym\fitnexus\frontend\src\components\WizardPopup.jsx
  1:8  warning  'React' is defined but never used  no-unused-vars

D:\Gym\fitnexus\frontend\src\config\vite.config.js
  10:28  error  '__dirname' is not defined  no-undef
  11:35  error  '__dirname' is not defined  no-undef
  12:31  error  '__dirname' is not defined  no-undef

D:\Gym\fitnexus\frontend\src\context\AuthContext.jsx
    1:8   warning  'React' is defined but never used                                                                                               no-unused-vars
   94:11  warning  Unexpected console statement                                                                                                    no-console
  170:17  warning  Fast refresh only works when a file only exports components. Use a new file to share constants or functions between components  react-refresh/only-export-components

D:\Gym\fitnexus\frontend\src\context\useSidebarContext.jsx
  2:8   warning  'React' is defined but never used                                                                                               no-unused-vars
  6:14  warning  Fast refresh only works when a file only exports components. Use a new file to share constants or functions between components  react-refresh/only-export-components

D:\Gym\fitnexus\frontend\src\main.jsx
  7:8  warning  'React' is defined but never used  no-unused-vars

D:\Gym\fitnexus\frontend\src\pages\attendance\Attendance.jsx
    1:8   warning  'React' is defined but never used                                                               no-unused-vars
  103:5   warning  Unused eslint-disable directive (no problems were reported from 'react-hooks/exhaustive-deps')
  122:5   warning  Unused eslint-disable directive (no problems were reported from 'react-hooks/exhaustive-deps')
  340:82  error    `'` can be escaped with `&apos;`, `&lsquo;`, `&#39;`, `&rsquo;`                                 react/no-unescaped-entities

D:\Gym\fitnexus\frontend\src\pages\attendance\GateKiosk.jsx
  1:8  warning  'React' is defined but never used  no-unused-vars

D:\Gym\fitnexus\frontend\src\pages\attendance\GateOverlay.jsx
  1:8  warning  'React' is defined but never used  no-unused-vars

D:\Gym\fitnexus\frontend\src\pages\auth\Forgotpassword.jsx
   1:8   warning  'React' is defined but never used                                no-unused-vars
  54:84  error    `'` can be escaped with `&apos;`, `&lsquo;`, `&#39;`, `&rsquo;`  react/no-unescaped-entities

D:\Gym\fitnexus\frontend\src\pages\auth\Newpassword.jsx
  1:8  warning  'React' is defined but never used  no-unused-vars

D:\Gym\fitnexus\frontend\src\pages\auth\Signin.jsx
    1:8   warning  'React' is defined but never used                                no-unused-vars
   48:13  warning  Unexpected console statement                                     no-console
   55:13  warning  Unexpected console statement                                     no-console
   71:17  warning  Unexpected console statement                                     no-console
   72:17  warning  Unexpected console statement                                     no-console
   76:21  warning  Unexpected console statement                                     no-console
   84:13  warning  Unexpected console statement                                     no-console
  115:83  error    `'` can be escaped with `&apos;`, `&lsquo;`, `&#39;`, `&rsquo;`  react/no-unescaped-entities
  178:40  error    `'` can be escaped with `&apos;`, `&lsquo;`, `&#39;`, `&rsquo;`  react/no-unescaped-entities

D:\Gym\fitnexus\frontend\src\pages\auth\Signup.jsx
    1:8   warning  'React' is defined but never used  no-unused-vars
   91:13  warning  Unexpected console statement       no-console
  102:13  warning  Unexpected console statement       no-console
  124:13  warning  Unexpected console statement       no-console

D:\Gym\fitnexus\frontend\src\pages\auth\Verifyemail.jsx
   2:8   warning  'React' is defined but never used                                no-unused-vars
  56:59  error    `'` can be escaped with `&apos;`, `&lsquo;`, `&#39;`, `&rsquo;`  react/no-unescaped-entities

D:\Gym\fitnexus\frontend\src\pages\auth\Verifypin.jsx
   2:8   warning  'React' is defined but never used                                no-unused-vars
  97:41  error    `'` can be escaped with `&apos;`, `&lsquo;`, `&#39;`, `&rsquo;`  react/no-unescaped-entities

D:\Gym\fitnexus\frontend\src\pages\chat\WellnessChat.jsx
    1:8  warning  'React' is defined but never used                                                               no-unused-vars
  124:5  warning  Unused eslint-disable directive (no problems were reported from 'react-hooks/exhaustive-deps')
  223:5  warning  Unused eslint-disable directive (no problems were reported from 'react-hooks/exhaustive-deps')

D:\Gym\fitnexus\frontend\src\pages\dashboard\AdminOverview.jsx
   1:8  warning  'React' is defined but never used                                                                                                                                                                                                 no-unused-vars
  32:9  warning  The 'trend' logical expression could make the dependencies of useMemo Hook (at line 48) change on every render. Move it inside the useMemo callback. Alternatively, wrap the initialization of 'trend' in its own useMemo() Hook  react-hooks/exhaustive-deps

D:\Gym\fitnexus\frontend\src\pages\dashboard\Index.jsx
    1:8   warning  'React' is defined but never used                                                                                                                                                             no-unused-vars
    3:37  warning  'CardBody' is defined but never used                                                                                                                                                          no-unused-vars
   86:9   warning  The 'weekly' logical expression could make the dependencies of useMemo Hook (at line 98) change on every render. To fix this, wrap the initialization of 'weekly' in its own useMemo() Hook   react-hooks/exhaustive-deps
   86:9   warning  The 'weekly' logical expression could make the dependencies of useMemo Hook (at line 108) change on every render. To fix this, wrap the initialization of 'weekly' in its own useMemo() Hook  react-hooks/exhaustive-deps
  184:63  error    Expected '!==' and instead saw '!='                                                                                                                                                           eqeqeq
  232:51  error    Expected '!==' and instead saw '!='                                                                                                                                                           eqeqeq

D:\Gym\fitnexus\frontend\src\pages\diet\Dietdetail.jsx
    1:8   warning  'React' is defined but never used  no-unused-vars
  102:16  warning  'err' is defined but never used    no-unused-vars

D:\Gym\fitnexus\frontend\src\pages\diet\Dietplan.jsx
    1:8   warning  'React' is defined but never used      no-unused-vars
    4:44  warning  'IconStar' is defined but never used   no-unused-vars
    5:31  warning  'IconTools' is defined but never used  no-unused-vars
    5:42  warning  'IconList' is defined but never used   no-unused-vars
    5:52  warning  'IconPhoto' is defined but never used  no-unused-vars
  320:14  warning  'err' is defined but never used        no-unused-vars
  353:14  warning  'err' is defined but never used        no-unused-vars

D:\Gym\fitnexus\frontend\src\pages\goals\Goals.jsx
    1:8    warning  'React' is defined but never used    no-unused-vars
  255:95   error    Expected '!==' and instead saw '!='  eqeqeq
  256:95   error    Expected '!==' and instead saw '!='  eqeqeq
  257:99   error    Expected '!==' and instead saw '!='  eqeqeq
  258:103  error    Expected '!==' and instead saw '!='  eqeqeq

D:\Gym\fitnexus\frontend\src\pages\js\Progress.js
  350:3  error  Duplicate key 'tooltip'  no-dupe-keys

D:\Gym\fitnexus\frontend\src\pages\membership\Membership.jsx
    1:8   warning  'React' is defined but never used                                                                           no-unused-vars
   72:20  error    Expected '!==' and instead saw '!='                                                                         eqeqeq
   73:20  error    Expected '===' and instead saw '=='                                                                         eqeqeq
  131:78  warning  React Hook useMemo has a missing dependency: 'isCurrent'. Either include it or remove the dependency array  react-hooks/exhaustive-deps
  174:85  error    Expected '!==' and instead saw '!='                                                                         eqeqeq

D:\Gym\fitnexus\frontend\src\pages\membership\MembershipPlans.jsx
  1:8  warning  'React' is defined but never used  no-unused-vars

D:\Gym\fitnexus\frontend\src\pages\permissions\RolePermissions.jsx
    1:8   warning  'React' is defined but never used                                                                                           no-unused-vars
  195:24  error    React Hook "useMemo" is called conditionally. React Hooks must be called in the exact same order in every component render  react-hooks/rules-of-hooks

D:\Gym\fitnexus\frontend\src\pages\profile\Profile.jsx
  1:8  warning  'React' is defined but never used  no-unused-vars

D:\Gym\fitnexus\frontend\src\pages\progress\Progress.jsx
    1:8    warning  'React' is defined but never used                                                                                                                                                                         no-unused-vars
  101:11   warning  The 'goals' logical expression could make the dependencies of useMemo Hook (at line 111) change on every render. To fix this, wrap the initialization of 'goals' in its own useMemo() Hook                react-hooks/exhaustive-deps
  102:11   warning  The 'weightSeries' logical expression could make the dependencies of useMemo Hook (at line 124) change on every render. To fix this, wrap the initialization of 'weightSeries' in its own useMemo() Hook  react-hooks/exhaustive-deps
  181:97   error    Expected '!==' and instead saw '!='                                                                                                                                                                       eqeqeq
  195:95   error    Expected '!==' and instead saw '!='                                                                                                                                                                       eqeqeq
  242:163  error    `"` can be escaped with `&quot;`, `&ldquo;`, `&#34;`, `&rdquo;`                                                                                                                                           react/no-unescaped-entities
  242:170  error    `"` can be escaped with `&quot;`, `&ldquo;`, `&#34;`, `&rdquo;`                                                                                                                                           react/no-unescaped-entities
  309:95   error    Expected '!==' and instead saw '!='                                                                                                                                                                       eqeqeq

D:\Gym\fitnexus\frontend\src\pages\public\Errorpage.jsx
  1:8  warning  'React' is defined but never used  no-unused-vars

D:\Gym\fitnexus\frontend\src\pages\public\Landing.jsx
  1:8   warning  'React' is defined but never used   no-unused-vars
  3:31  warning  'Nav' is defined but never used     no-unused-vars
  3:36  warning  'Navbar' is defined but never used  no-unused-vars

D:\Gym\fitnexus\frontend\src\pages\public\Onbodingstep.jsx
  1:8  warning  'React' is defined but never used  no-unused-vars

D:\Gym\fitnexus\frontend\src\pages\schedule\MySchedule.jsx
  1:8   warning  'React' is defined but never used              no-unused-vars
  9:10  warning  'IconCalendarEvent' is defined but never used  no-unused-vars

D:\Gym\fitnexus\frontend\src\pages\schedule\Schedule.jsx
   1:8   warning  'React' is defined but never used     no-unused-vars
   2:37  warning  'CardBody' is defined but never used  no-unused-vars
  10:10  warning  'subDays' is defined but never used   no-unused-vars
  10:19  warning  'addDays' is defined but never used   no-unused-vars

D:\Gym\fitnexus\frontend\src\pages\schedule\TrainerDutySchedule.jsx
    1:8   warning  'React' is defined but never used                                                                                           no-unused-vars
    9:10  warning  'IconCalendarEvent' is defined but never used                                                                               no-unused-vars
  101:6   warning  React Hook useEffect has a missing dependency: 'loadData'. Either include it or remove the dependency array                 react-hooks/exhaustive-deps
  113:20  error    React Hook "useMemo" is called conditionally. React Hooks must be called in the exact same order in every component render  react-hooks/rules-of-hooks
  114:26  error    React Hook "useMemo" is called conditionally. React Hooks must be called in the exact same order in every component render  react-hooks/rules-of-hooks
  125:26  error    React Hook "useMemo" is called conditionally. React Hooks must be called in the exact same order in every component render  react-hooks/rules-of-hooks

D:\Gym\fitnexus\frontend\src\pages\schedule\UserWorkoutSchedule.jsx
    1:8   warning  'React' is defined but never used                                                                                           no-unused-vars
    9:10  warning  'IconCalendarEvent' is defined but never used                                                                               no-unused-vars
  113:6   warning  React Hook useEffect has a missing dependency: 'loadData'. Either include it or remove the dependency array                 react-hooks/exhaustive-deps
  154:26  error    React Hook "useMemo" is called conditionally. React Hooks must be called in the exact same order in every component render  react-hooks/rules-of-hooks
  164:26  error    React Hook "useMemo" is called conditionally. React Hooks must be called in the exact same order in every component render  react-hooks/rules-of-hooks
  169:23  error    React Hook "useMemo" is called conditionally. React Hooks must be called in the exact same order in every component render  react-hooks/rules-of-hooks
  177:30  error    React Hook "useMemo" is called conditionally. React Hooks must be called in the exact same order in every component render  react-hooks/rules-of-hooks
  183:30  error    React Hook "useMemo" is called conditionally. React Hooks must be called in the exact same order in every component render  react-hooks/rules-of-hooks

D:\Gym\fitnexus\frontend\src\pages\usersmanagement\branch.jsx
    1:8   warning  'React' is defined but never used                                                                                                    no-unused-vars
   95:14  warning  'e' is defined but never used                                                                                                        no-unused-vars
  105:6   warning  React Hook useEffect has missing dependencies: 'loadData' and 'loadHeadOffices'. Either include them or remove the dependency array  react-hooks/exhaustive-deps

D:\Gym\fitnexus\frontend\src\pages\usersmanagement\department.jsx
   1:8  warning  'React' is defined but never used                                                                            no-unused-vars
  87:6  warning  React Hook useEffect has a missing dependency: 'loadData'. Either include it or remove the dependency array  react-hooks/exhaustive-deps

D:\Gym\fitnexus\frontend\src\pages\usersmanagement\designation.jsx
   1:8  warning  'React' is defined but never used                 no-unused-vars
  31:9  warning  'currentRole' is assigned a value but never used  no-unused-vars

D:\Gym\fitnexus\frontend\src\pages\usersmanagement\headoffice.jsx
   1:8  warning  'React' is defined but never used                     no-unused-vars
  28:9  warning  'currentRole' is assigned a value but never used      no-unused-vars
  50:9  warning  'isLastModalStep' is assigned a value but never used  no-unused-vars

D:\Gym\fitnexus\frontend\src\pages\usersmanagement\team.jsx
    1:8   warning  'React' is defined but never used                                                                                                 no-unused-vars
    6:3   warning  'getTeamsByDepartment' is defined but never used                                                                                  no-unused-vars
  142:14  warning  'e' is defined but never used                                                                                                     no-unused-vars
  155:14  warning  'e' is defined but never used                                                                                                     no-unused-vars
  166:6   warning  React Hook useEffect has missing dependencies: 'loadData' and 'loadTrainers'. Either include them or remove the dependency array  react-hooks/exhaustive-deps

D:\Gym\fitnexus\frontend\src\pages\usersmanagement\user.jsx
     1:8   warning  'React' is defined but never used                                                                            no-unused-vars
   127:7   warning  'EMPTY_ADDRESS' is assigned a value but never used                                                           no-unused-vars
   505:10  warning  'mapSuperAdminRow' is defined but never used                                                                 no-unused-vars
   673:10  warning  'countryDropdownOpen' is assigned a value but never used                                                     no-unused-vars
   678:9   warning  'canCreateAnything' is assigned a value but never used                                                       no-unused-vars
   796:9   warning  'isLastModalStep' is assigned a value but never used                                                         no-unused-vars
   896:6   warning  React Hook useEffect has a missing dependency: 'loadRows'. Either include it or remove the dependency array  react-hooks/exhaustive-deps
   984:16  warning  'err' is defined but never used                                                                              no-unused-vars
  1901:9   warning  'countryOptions' is assigned a value but never used                                                          no-unused-vars
  2269:71  error    `'` can be escaped with `&apos;`, `&lsquo;`, `&#39;`, `&rsquo;`                                              react/no-unescaped-entities
  2270:71  error    `'` can be escaped with `&apos;`, `&lsquo;`, `&#39;`, `&rsquo;`                                              react/no-unescaped-entities

D:\Gym\fitnexus\frontend\src\pages\workout\BodyPartMaster.jsx
  1:8  warning  'React' is defined but never used  no-unused-vars

D:\Gym\fitnexus\frontend\src\pages\workout\Createworkout.jsx
  1:8   warning  'React' is defined but never used      no-unused-vars
  1:27  warning  'useEffect' is defined but never used  no-unused-vars

D:\Gym\fitnexus\frontend\src\pages\workout\ExerciseMaster.jsx
    1:8   warning  'React' is defined but never used                                                                                           no-unused-vars
  158:14  warning  'err' is defined but never used                                                                                             no-unused-vars
  173:26  error    React Hook "useMemo" is called conditionally. React Hooks must be called in the exact same order in every component render  react-hooks/rules-of-hooks
  266:20  error    React Hook "useMemo" is called conditionally. React Hooks must be called in the exact same order in every component render  react-hooks/rules-of-hooks

D:\Gym\fitnexus\frontend\src\pages\workout\Upperbodyworkout.jsx
   1:8   warning  'React' is defined but never used      no-unused-vars
   1:17  warning  'useState' is defined but never used   no-unused-vars
   1:27  warning  'useEffect' is defined but never used  no-unused-vars
   3:26  warning  'Table' is defined but never used      no-unused-vars
   3:44  warning  'Form' is defined but never used       no-unused-vars
   3:50  warning  'CardBody' is defined but never used   no-unused-vars
  42:70  error    Unknown property 'fluid' found         react/no-unknown-property
  48:69  error    Unknown property 'fluid' found         react/no-unknown-property
  54:70  error    Unknown property 'fluid' found         react/no-unknown-property

D:\Gym\fitnexus\frontend\src\pages\workout\WorkoutDetail.jsx
   1:8   warning  'React' is defined but never used  no-unused-vars
  63:16  warning  'err' is defined but never used    no-unused-vars

D:\Gym\fitnexus\frontend\src\pages\workout\WorkoutPlanDetail.jsx
   1:8   warning  'React' is defined but never used  no-unused-vars
   2:10  warning  'Link' is defined but never used   no-unused-vars
  48:16  warning  'err' is defined but never used    no-unused-vars

D:\Gym\fitnexus\frontend\src\pages\workout\WorkoutPlanMaster.jsx
    1:8   warning  'React' is defined but never used                                                                                           no-unused-vars
  150:14  warning  'err' is defined but never used                                                                                             no-unused-vars
  176:26  error    React Hook "useMemo" is called conditionally. React Hooks must be called in the exact same order in every component render  react-hooks/rules-of-hooks
  256:20  error    React Hook "useMemo" is called conditionally. React Hooks must be called in the exact same order in every component render  react-hooks/rules-of-hooks
  257:38  error    React Hook "useMemo" is called conditionally. React Hooks must be called in the exact same order in every component render  react-hooks/rules-of-hooks
  260:35  error    React Hook "useMemo" is called conditionally. React Hooks must be called in the exact same order in every component render  react-hooks/rules-of-hooks
  263:37  error    React Hook "useMemo" is called conditionally. React Hooks must be called in the exact same order in every component render  react-hooks/rules-of-hooks
  266:29  error    React Hook "useMemo" is called conditionally. React Hooks must be called in the exact same order in every component render  react-hooks/rules-of-hooks

D:\Gym\fitnexus\frontend\src\pages\workout\WorkoutSimpleMasterPage.jsx
    1:8   warning  'React' is defined but never used                                                                                           no-unused-vars
   68:6   warning  React Hook useEffect has a missing dependency: 'loadData'. Either include it or remove the dependency array                 react-hooks/exhaustive-deps
  117:26  error    React Hook "useMemo" is called conditionally. React Hooks must be called in the exact same order in every component render  react-hooks/rules-of-hooks

D:\Gym\fitnexus\frontend\src\pages\workout\WorkoutTypeMaster.jsx
  1:8  warning  'React' is defined but never used  no-unused-vars

D:\Gym\fitnexus\frontend\src\pages\workout\Workoutfilter.jsx
   1:8   warning  'React' is defined but never used                       no-unused-vars
  14:11  warning  'handleLevelSelect' is assigned a value but never used  no-unused-vars

D:\Gym\fitnexus\frontend\src\pages\workout\Workoutsummary.jsx
  1:8  warning  'React' is defined but never used  no-unused-vars

D:\Gym\fitnexus\frontend\src\pages\workout\Workouttopfilter.jsx
  1:8   warning  'React' is defined but never used      no-unused-vars
  1:17  warning  'useState' is defined but never used   no-unused-vars
  1:27  warning  'useEffect' is defined but never used  no-unused-vars

D:\Gym\fitnexus\frontend\src\pages\workout\workoutUtils.js
  4:9  error  Expected '===' and instead saw '=='  eqeqeq

D:\Gym\fitnexus\frontend\src\routes\Approutes.jsx
  1:8  warning  'React' is defined but never used  no-unused-vars

✖ 228 problems (49 errors, 179 warnings)
  0 errors and 6 warnings potentially fixable with the `--fix` option.


